// Vitest Snapshot v1, https://vitest.dev/guide/snapshot.html

exports[`Navbar > matches snapshot 1`] = `
<DocumentFragment>
  <nav
    class="w-full text-white py-1 px-[5%] fixed top-0 left-0 flex items-center justify-between z-10 transition-all duration-500 "
  >
    <span
      class="cursor-pointer"
    >
      <a>
        <svg
          fill="currentColor"
          height="64"
          stroke="currentColor"
          stroke-width="0"
          viewBox="0 0 24 24"
          width="64"
          xmlns="http://www.w3.org/2000/svg"
        >
          <path
            d="M0 0h24v24H0z"
            fill="none"
          />
          <path
            d="m12 5.5 6 4.5v9H6v-9l6-4.5M12 3 4 9v12h16V9l-8-6zm-.5 6.5v3H11v-3h-1v3h-.5v-3h-1v3c0 .83.67 1.5 1.5 1.5v4h1v-4c.83 0 1.5-.67 1.5-1.5v-3h-1zm1.5 2v3h1V18h1V9.5c-1.1 0-2 .9-2 2z"
          />
        </svg>
      </a>
    </span>
    <ul
      class="fixed top-0 bottom-0 bg-[#0d0d0d] w-[200px] pt-[70px] z-[-1] transition-all duration-500
          nav:flex nav:static nav:items-center nav:w-auto nav:bg-transparent nav:pt-0 nav:z-auto
          right-[-200px]"
    >
      <li
        class="block my-6 mx-10 nav:inline-block nav:my-[5px] nav:mx-5 nav:text-base"
      >
        <a>
          El Restaurante
        </a>
      </li>
      <li
        class="block my-6 mx-10 nav:inline-block nav:my-[5px] nav:mx-5 nav:text-base"
      >
        <a>
          Gastronomía
        </a>
      </li>
      <li
        class="block my-6 mx-10 nav:inline-block nav:my-[5px] nav:mx-5 nav:text-base"
      >
        <a>
          Menú
        </a>
      </li>
      <li
        class="block my-6 mx-10 nav:inline-block nav:my-[5px] nav:mx-5 nav:text-base"
      >
        <a>
          Equipo
        </a>
      </li>
      <li
        class="block my-6 mx-10 nav:inline-block nav:my-[5px] nav:mx-5 nav:text-base"
      >
        <a>
          Contacto
        </a>
      </li>
      <li
        class="block my-6 mx-10 nav:inline-block nav:my-[5px] nav:mx-5"
      >
        <a
          href="https://wa.me/34653838263"
          rel="noopener noreferrer"
          target="_blank"
        >
          <button
            class="flex items-center gap-1 bg-white text-[#212121] px-3 py-2 text-xs nav:text-base nav:px-3 nav:py-2 rounded-[30px] border-0 cursor-pointer"
          >
            Whats App
            <svg
              color="green"
              fill="currentColor"
              height="16"
              stroke="currentColor"
              stroke-width="0"
              style="color: green;"
              viewBox="0 0 24 24"
              width="16"
              xmlns="http://www.w3.org/2000/svg"
            >
              <path
                d="M0 0h24v24H0z"
                fill="none"
              />
              <path
                d="M19.05 4.91A9.816 9.816 0 0 0 12.04 2c-5.46 0-9.91 4.45-9.91 9.91 0 1.75.46 3.45 1.32 4.95L2.05 22l5.25-1.38c1.45.79 3.08 1.21 4.74 1.21 5.46 0 9.91-4.45 9.91-9.91 0-2.65-1.03-5.14-2.9-7.01zm-7.01 15.24c-1.48 0-2.93-.4-4.2-1.15l-.3-.18-3.12.82.83-3.04-.2-.31a8.264 8.264 0 0 1-1.26-4.38c0-4.54 3.7-8.24 8.24-8.24 2.2 0 4.27.86 5.82 2.42a8.183 8.183 0 0 1 2.41 5.83c.02 4.54-3.68 8.23-8.22 8.23zm4.52-6.16c-.25-.12-1.47-.72-1.69-.81-.23-.08-.39-.12-.56.12-.17.25-.64.81-.78.97-.14.17-.29.19-.54.06-.25-.12-1.05-.39-1.99-1.23-.74-.66-1.23-1.47-1.38-1.72-.14-.25-.02-.38.11-.51.11-.11.25-.29.37-.43s.17-.25.25-.41c.08-.17.04-.31-.02-.43s-.56-1.34-.76-1.84c-.2-.48-.41-.42-.56-.43h-.48c-.17 0-.43.06-.66.31-.22.25-.86.85-.86 2.07 0 1.22.89 2.4 1.01 2.56.12.17 1.75 2.67 4.23 3.74.59.26 1.05.41 1.41.52.59.19 1.13.16 1.56.1.48-.07 1.47-.6 1.67-1.18.21-.58.21-1.07.14-1.18s-.22-.16-.47-.28z"
              />
            </svg>
          </button>
        </a>
      </li>
    </ul>
    <span
      aria-label="Abrir menú"
      class="block w-[30px] cursor-pointer nav:hidden"
    >
      <svg
        fill="currentColor"
        height="1em"
        stroke="currentColor"
        stroke-width="0"
        viewBox="0 0 512 512"
        width="1em"
        xmlns="http://www.w3.org/2000/svg"
      >
        <path
          d="M32 96v64h448V96H32zm0 128v64h448v-64H32zm0 128v64h448v-64H32z"
        />
      </svg>
    </span>
  </nav>
</DocumentFragment>
`;
