// Vitest Snapshot v1, https://vitest.dev/guide/snapshot.html

exports[`About > matches snapshot 1`] = `
<DocumentFragment>
  <div
    aria-label="El Restaurante"
    class="my-[100px] mx-auto flex items-center justify-between w-[90%] max-[1024px]:flex-col transition-all duration-700 opacity-0 translate-y-8"
    id="El Restaurante"
    role="region"
  >
    <div
      class="flex-[0_0_40%] max-[1024px]:flex-[0_0_100%] max-[1024px]:my-5 max-[1024px]:order-2"
    >
      <img
        alt="La Posada Historia"
        class="w-full rounded-[10px]"
        loading="lazy"
        src="/src/assets/laposada_historia.jpeg"
      />
    </div>
    <div
      class="flex-[0_0_56%] max-[1024px]:flex-[0_0_100%] max-[1024px]:order-1"
    >
      <h3
        class="font-semibold text-base text-[#141212]"
      >
        NUESTRA HISTORIA
      </h3>
      <h2
        class="text-[30px] text-primary my-[10px] max-w-[400px] max-[800px]:text-2xl"
      >
        La apuesta culinaria familiar, transmitiendo los secretos de las mejores recetas de generación en generación
      </h2>
      <p
        class="text-[#676767] mb-[15px] max-[800px]:text-sm"
      >
        Restaurante La Posada es el más antiguo del pueblo de Abanilla, el edificio tiene más de dos siglos construido, y data del 1856 como posada. Eran de las pocas posadas que existían por la zona, antiguamente llegaban los carruajes con las mulas, cargados con productos agrícolas y entraban al abrevadero a beber agua, lo que es hoy el patio ajardinado del restaurante, el posadero atendía a los caballos mientras sus dueños subían a las habitaciones a descansar.
      </p>
      <p
        class="text-[#676767] mb-[15px] max-[800px]:text-sm"
      >
        Lugar de encuentro de estos comerciantes y viajeros que contaban sus peripecias a los lugareños. Hoy en día se conoce como Posada Casa Pepe y es un Restaurante en el que destacan sus dos salones, el de invierno y un precioso patio ajardinado para primavera y verano, aunque recientemente se ha climatizado para que se pueda disfrutar todo el año.
      </p>
      <p
        class="text-[#676767] mb-[15px] max-[800px]:text-sm"
      >
        Para más información, síguenos a través del Facebook Restaurante La Posada.
      </p>
    </div>
  </div>
</DocumentFragment>
`;
